tool: asan
benchmark: benchmarks/memory_corruption/simple_buffer_overflow.c
compile_command: clang -fsanitize=address -g -O0 benchmarks/memory_corruption/simple_buffer_overflow.c -o <tmp>/simple_buffer_overflow
run_command: <tmp>/simple_buffer_overflow

[compile]
returncode: 0

[run]
returncode: -6

stderr:
=================================================================
==34626==ERROR: AddressSanitizer: heap-buffer-overflow on address 0x6020000000d8 at pc 0x000102ec8958 bp 0x00016cf36860 sp 0x00016cf36858
WRITE of size 4 at 0x6020000000d8 thread T0
    #0 0x000102ec8954 in main simple_buffer_overflow.c:12
    #1 0x00018b50dd50  (<unknown module>)

0x6020000000d8 is located 0 bytes after 8-byte region [0x6020000000d0,0x6020000000d8)
allocated by thread T0 here:
    #0 0x00010351d330 in malloc+0x78 (libclang_rt.asan_osx_dynamic.dylib:arm64e+0x3d330)
    #1 0x000102ec882c in main simple_buffer_overflow.c:5
    #2 0x00018b50dd50  (<unknown module>)

SUMMARY: AddressSanitizer: heap-buffer-overflow simple_buffer_overflow.c:12 in main
Shadow bytes around the buggy address:
  0x601ffffffe00: 00 00 00 00 00 00 00 00 00 00 00 00 00 00 00 00
  0x601ffffffe80: 00 00 00 00 00 00 00 00 00 00 00 00 00 00 00 00
  0x601fffffff00: 00 00 00 00 00 00 00 00 00 00 00 00 00 00 00 00
  0x601fffffff80: 00 00 00 00 00 00 00 00 00 00 00 00 00 00 00 00
  0x602000000000: fa fa fd fa fa fa fd fd fa fa fd fd fa fa 00 06
=>0x602000000080: fa fa 00 fa fa fa 00 00 fa fa 00[fa]fa fa fa fa
  0x602000000100: fa fa fa fa fa fa fa fa fa fa fa fa fa fa fa fa
  0x602000000180: fa fa fa fa fa fa fa fa fa fa fa fa fa fa fa fa
  0x602000000200: fa fa fa fa fa fa fa fa fa fa fa fa fa fa fa fa
  0x602000000280: fa fa fa fa fa fa fa fa fa fa fa fa fa fa fa fa
  0x602000000300: fa fa fa fa fa fa fa fa fa fa fa fa fa fa fa fa
Shadow byte legend (one shadow byte represents 8 application bytes):
  Addressable:           00
  Partially addressable: 01 02 03 04 05 06 07 
  Heap left redzone:       fa
  Freed heap region:       fd
  Stack left redzone:      f1
  Stack mid redzone:       f2
  Stack right redzone:     f3
  Stack after return:      f5
  Stack use after scope:   f8
  Global redzone:          f9
  Global init order:       f6
  Poisoned by user:        f7
  Container overflow:      fc
  Array cookie:            ac
  Intra object redzone:    bb
  ASan internal:           fe
  Left alloca redzone:     ca
  Right alloca redzone:    cb
==34626==ABORTING
