tool: tsan
benchmark: benchmarks/data_race/simple_data_race.c
compile_command: clang -fsanitize=thread -g -O0 benchmarks/data_race/simple_data_race.c -o <tmp>/simple_data_race -pthread
run_command: <tmp>/simple_data_race

[compile]
returncode: 0

[run]
returncode: -6

stdout:
2

stderr:
==================
WARNING: ThreadSanitizer: data race (pid=36664)
  Write of size 4 at 0x000104fa0000 by thread T2:
    #0 increment simple_data_race.c:8 (simple_data_race:arm64+0x1000006bc)

  Previous write of size 4 at 0x000104fa0000 by thread T1:
    #0 increment simple_data_race.c:8 (simple_data_race:arm64+0x1000006bc)

  Location is global 'shared_counter' at 0x000104fa0000 (simple_data_race+0x100008000)

  Thread T2 (tid=22273624, running) created by main thread at:
    #0 pthread_create <null> (libclang_rt.tsan_osx_dynamic.dylib:arm64e+0x2f708)
    #1 main simple_data_race.c:17 (simple_data_race:arm64+0x100000738)

  Thread T1 (tid=22273623, finished) created by main thread at:
    #0 pthread_create <null> (libclang_rt.tsan_osx_dynamic.dylib:arm64e+0x2f708)
    #1 main simple_data_race.c:16 (simple_data_race:arm64+0x100000720)

SUMMARY: ThreadSanitizer: data race simple_data_race.c:8 in increment
==================
ThreadSanitizer: reported 1 warnings
